// Jest Snapshot v1, https://goo.gl/fbAQLP

exports[`render classList correctly 1`] = `<classList />`;
