// Jest Snapshot v1, https://goo.gl/fbAQLP

exports[`render CustomDrawerItem correctly 1`] = `
<View
  style={
    Object {
      "flex": 1,
    }
  }
>
  <RCTScrollView>
    <View>
      <View
        style={
          Object {
            "alignItems": "flex-end",
            "borderBottomWidth": 1,
            "borderColor": "white",
            "height": 40,
            "justifyContent": "flex-end",
            "opacity": 0.5,
            "paddingRight": 20,
          }
        }
      >
        <Text
          style={
            Object {
              "color": "white",
              "fontSize": 16,
              "fontWeight": "bold",
            }
          }
        >
          ACCUEIL
        </Text>
      </View>
      <View
        accessible={true}
        isTVSelectable={true}
        onResponderGrant={[Function]}
        onResponderMove={[Function]}
        onResponderRelease={[Function]}
        onResponderTerminate={[Function]}
        onResponderTerminationRequest={[Function]}
        onStartShouldSetResponder={[Function]}
        style={
          Object {
            "opacity": 1,
          }
        }
      >
        <View
          style={
            Object {
              "flexDirection": "row",
              "height": 42,
            }
          }
        >
          <View
            style={
              Object {
                "alignItems": "flex-start",
                "flex": 0.6,
                "justifyContent": "center",
                "paddingLeft": 20,
                "paddingTop": 5,
              }
            }
          >
            <Text
              style={
                Object {
                  "color": "white",
                  "fontSize": 16,
                  "fontWeight": "bold",
                }
              }
            >
              Dashboard
            </Text>
          </View>
        </View>
      </View>
      <View
        style={
          Object {
            "alignItems": "flex-end",
            "borderBottomWidth": 1,
            "borderColor": "white",
            "height": 40,
            "justifyContent": "flex-end",
            "opacity": 0.5,
            "paddingRight": 20,
          }
        }
      >
        <Text
          style={
            Object {
              "color": "white",
              "fontSize": 16,
              "fontWeight": "bold",
            }
          }
        >
          STATISTIQUES
        </Text>
      </View>
      <View
        accessible={true}
        isTVSelectable={true}
        onResponderGrant={[Function]}
        onResponderMove={[Function]}
        onResponderRelease={[Function]}
        onResponderTerminate={[Function]}
        onResponderTerminationRequest={[Function]}
        onStartShouldSetResponder={[Function]}
        style={
          Object {
            "opacity": 1,
          }
        }
      >
        <View
          style={
            Object {
              "flexDirection": "row",
              "height": 42,
            }
          }
        >
          <View
            style={
              Object {
                "alignItems": "flex-start",
                "flex": 0.6,
                "justifyContent": "center",
                "paddingLeft": 20,
                "paddingTop": 5,
              }
            }
          >
            <Text
              style={
                Object {
                  "color": "white",
                  "fontSize": 16,
                  "fontWeight": "bold",
                }
              }
            >
              Historique
            </Text>
          </View>
        </View>
      </View>
      <View
        accessible={true}
        isTVSelectable={true}
        onResponderGrant={[Function]}
        onResponderMove={[Function]}
        onResponderRelease={[Function]}
        onResponderTerminate={[Function]}
        onResponderTerminationRequest={[Function]}
        onStartShouldSetResponder={[Function]}
        style={
          Object {
            "opacity": 1,
          }
        }
      >
        <View
          style={
            Object {
              "flexDirection": "row",
              "height": 42,
            }
          }
        >
          <View
            style={
              Object {
                "alignItems": "flex-start",
                "flex": 0.6,
                "justifyContent": "center",
                "paddingLeft": 20,
                "paddingTop": 5,
              }
            }
          >
            <Text
              style={
                Object {
                  "color": "white",
                  "fontSize": 16,
                  "fontWeight": "bold",
                }
              }
            >
              Trombinoscope
            </Text>
          </View>
        </View>
      </View>
      <View
        style={
          Object {
            "alignItems": "flex-end",
            "borderBottomWidth": 1,
            "borderColor": "white",
            "height": 40,
            "justifyContent": "flex-end",
            "opacity": 0.5,
            "paddingRight": 20,
          }
        }
      >
        <Text
          style={
            Object {
              "color": "white",
              "fontSize": 16,
              "fontWeight": "bold",
            }
          }
        >
          APPLICATIONS
        </Text>
      </View>
      <View
        accessible={true}
        isTVSelectable={true}
        onResponderGrant={[Function]}
        onResponderMove={[Function]}
        onResponderRelease={[Function]}
        onResponderTerminate={[Function]}
        onResponderTerminationRequest={[Function]}
        onStartShouldSetResponder={[Function]}
        style={
          Object {
            "opacity": 1,
          }
        }
      >
        <View
          style={
            Object {
              "flexDirection": "row",
              "height": 42,
            }
          }
        >
          <View
            style={
              Object {
                "alignItems": "flex-start",
                "flex": 0.6,
                "justifyContent": "center",
                "paddingLeft": 20,
                "paddingTop": 5,
              }
            }
          >
            <Text
              style={
                Object {
                  "color": "white",
                  "fontSize": 16,
                  "fontWeight": "bold",
                }
              }
            >
              Logith√®que
            </Text>
          </View>
        </View>
      </View>
      <View
        style={
          Object {
            "alignItems": "flex-end",
            "borderBottomWidth": 1,
            "borderColor": "white",
            "height": 40,
            "justifyContent": "flex-end",
            "opacity": 0.5,
            "paddingRight": 20,
          }
        }
      >
        <Text
          style={
            Object {
              "color": "white",
              "fontSize": 16,
              "fontWeight": "bold",
            }
          }
        >
          TABLE
        </Text>
      </View>
      <View
        accessible={true}
        isTVSelectable={true}
        onResponderGrant={[Function]}
        onResponderMove={[Function]}
        onResponderRelease={[Function]}
        onResponderTerminate={[Function]}
        onResponderTerminationRequest={[Function]}
        onStartShouldSetResponder={[Function]}
        style={
          Object {
            "opacity": 1,
          }
        }
      >
        <View
          style={
            Object {
              "flexDirection": "row",
              "height": 42,
            }
          }
        >
          <View
            style={
              Object {
                "alignItems": "flex-start",
                "flex": 0.6,
                "justifyContent": "center",
                "paddingLeft": 20,
                "paddingTop": 5,
              }
            }
          >
            <Text
              style={
                Object {
                  "color": "white",
                  "fontSize": 16,
                  "fontWeight": "bold",
                }
              }
            >
              Scan QR-Code
            </Text>
          </View>
        </View>
      </View>
      <View
        style={
          Object {
            "alignItems": "flex-end",
            "borderBottomWidth": 1,
            "borderColor": "white",
            "height": 40,
            "justifyContent": "flex-end",
            "opacity": 0.5,
            "paddingRight": 20,
          }
        }
      >
        <Text
          style={
            Object {
              "color": "white",
              "fontSize": 16,
              "fontWeight": "bold",
            }
          }
        >
          DIVERS
        </Text>
      </View>
      <View
        accessible={true}
        isTVSelectable={true}
        onResponderGrant={[Function]}
        onResponderMove={[Function]}
        onResponderRelease={[Function]}
        onResponderTerminate={[Function]}
        onResponderTerminationRequest={[Function]}
        onStartShouldSetResponder={[Function]}
        style={
          Object {
            "opacity": 1,
          }
        }
      >
        <View
          style={
            Object {
              "flexDirection": "row",
              "height": 42,
            }
          }
        >
          <View
            style={
              Object {
                "alignItems": "flex-start",
                "flex": 0.6,
                "justifyContent": "center",
                "paddingLeft": 20,
                "paddingTop": 5,
              }
            }
          >
            <Text
              style={
                Object {
                  "color": "white",
                  "fontSize": 16,
                  "fontWeight": "bold",
                }
              }
            >
              Profil
            </Text>
          </View>
        </View>
      </View>
      <View
        accessible={true}
        isTVSelectable={true}
        onResponderGrant={[Function]}
        onResponderMove={[Function]}
        onResponderRelease={[Function]}
        onResponderTerminate={[Function]}
        onResponderTerminationRequest={[Function]}
        onStartShouldSetResponder={[Function]}
        style={
          Object {
            "opacity": 1,
          }
        }
      >
        <View
          style={
            Object {
              "flexDirection": "row",
              "height": 42,
            }
          }
        >
          <View
            style={
              Object {
                "alignItems": "flex-start",
                "flex": 0.6,
                "justifyContent": "center",
                "paddingLeft": 20,
                "paddingTop": 5,
              }
            }
          >
            <Text
              style={
                Object {
                  "color": "white",
                  "fontSize": 16,
                  "fontWeight": "bold",
                }
              }
            >
              CGU
            </Text>
          </View>
        </View>
      </View>
      <View
        accessible={true}
        isTVSelectable={true}
        onResponderGrant={[Function]}
        onResponderMove={[Function]}
        onResponderRelease={[Function]}
        onResponderTerminate={[Function]}
        onResponderTerminationRequest={[Function]}
        onStartShouldSetResponder={[Function]}
        style={
          Object {
            "opacity": 1,
          }
        }
      >
        <View
          style={
            Object {
              "flexDirection": "row",
              "height": 42,
            }
          }
        >
          <View
            style={
              Object {
                "alignItems": "flex-start",
                "flex": 0.6,
                "justifyContent": "center",
                "paddingLeft": 20,
                "paddingTop": 5,
              }
            }
          >
            <Text
              style={
                Object {
                  "color": "white",
                  "fontSize": 16,
                  "fontWeight": "bold",
                }
              }
            >
              Nous contacter
            </Text>
          </View>
        </View>
      </View>
      <View
        accessible={true}
        isTVSelectable={true}
        onResponderGrant={[Function]}
        onResponderMove={[Function]}
        onResponderRelease={[Function]}
        onResponderTerminate={[Function]}
        onResponderTerminationRequest={[Function]}
        onStartShouldSetResponder={[Function]}
        style={
          Object {
            "opacity": 1,
          }
        }
      >
        <View
          style={
            Object {
              "flexDirection": "row",
              "height": 42,
            }
          }
        >
          <View
            style={
              Object {
                "alignItems": "flex-start",
                "flex": 0.6,
                "justifyContent": "center",
                "paddingLeft": 20,
                "paddingTop": 5,
              }
            }
          >
            <Text
              style={
                Object {
                  "color": "white",
                  "fontSize": 16,
                  "fontWeight": "bold",
                }
              }
            >
              Guide d'utilisation
            </Text>
          </View>
        </View>
      </View>
      <View
        style={
          Object {
            "height": 40,
          }
        }
      />
    </View>
  </RCTScrollView>
</View>
`;
