// Jest Snapshot v1, https://goo.gl/fbAQLP

exports[`render ForgottenPass correctly 1`] = `
<View
  style={
    Object {
      "backgroundColor": "#f6c6d2",
      "flex": 1,
    }
  }
>
  <View
    onLayout={[Function]}
    style={
      Array [
        Object {
          "backgroundColor": "#f6c6d2",
          "flex": 1,
        },
        Object {
          "paddingBottom": 0,
        },
      ]
    }
  >
    <View
      style={
        Object {
          "flex": 0.5,
        }
      }
    >
      <Image
        resizeMode="contain"
        source={1}
        style={
          Object {
            "flex": 1,
            "height": undefined,
            "width": undefined,
          }
        }
      />
    </View>
    <View
      style={
        Object {
          "flex": 0.4,
        }
      }
    >
      <View
        style={
          Object {
            "alignItems": "center",
            "flex": 0.2,
            "justifyContent": "center",
          }
        }
      >
        <Text
          style={
            Object {
              "color": "#2A5E85",
              "fontSize": 20,
              "fontWeight": "bold",
            }
          }
        >
          RECUPERATION DU MOT DE PASSE
        </Text>
      </View>
      <View
        style={
          Object {
            "alignItems": "center",
            "flex": 0.6,
            "justifyContent": "center",
          }
        }
      >
        <View
          onLayout={[Function]}
          style={
            Array [
              Object {
                "backgroundColor": "white",
                "overflow": "hidden",
                "paddingTop": 16,
              },
              Object {
                "backgroundColor": "#2A5E85",
                "width": 220,
              },
              Object {
                "height": 64,
              },
            ]
          }
        >
          <Text />
          <View
            style={
              Array [
                Object {
                  "backgroundColor": "#f0f0f0",
                  "position": "absolute",
                  "top": 8,
                  "width": 1,
                },
                Object {
                  "height": 48,
                  "left": 48,
                },
              ]
            }
          />
          <View
            accessible={true}
            onResponderGrant={[Function]}
            onResponderMove={[Function]}
            onResponderRelease={[Function]}
            onResponderTerminate={[Function]}
            onResponderTerminationRequest={[Function]}
            onStartShouldSetResponder={[Function]}
            style={
              Object {
                "height": 48,
                "left": 56,
                "position": "absolute",
                "top": 24,
              }
            }
          >
            <Text
              style={
                Object {
                  "color": "#FFF",
                  "fontSize": 16,
                  "fontWeight": "bold",
                }
              }
            >
              E-mail
            </Text>
          </View>
          <TextInput
            allowFontScaling={true}
            animationDuration={300}
            height={48}
            iconClass={[Function]}
            iconColor="#FFF"
            iconName="at"
            iconSize={20}
            iconWidth={40}
            inputPadding={16}
            label="E-mail"
            labelStyle={
              Object {
                "color": "#FFF",
              }
            }
            onBlur={[Function]}
            onChange={[Function]}
            onChangeText={[Function]}
            onFocus={[Function]}
            passiveIconColor="#a3a3a3"
            rejectResponderTermination={true}
            style={
              Array [
                Object {
                  "color": "black",
                  "flex": 1,
                  "fontSize": 18,
                  "padding": 7,
                  "paddingLeft": 0,
                },
                Object {
                  "color": "#FFF",
                  "marginLeft": 56,
                },
                undefined,
              ]
            }
            underlineColorAndroid="transparent"
          />
        </View>
      </View>
      <View
        style={
          Object {
            "flex": 0.2,
            "flexDirection": "row",
          }
        }
      >
        <View
          style={
            Object {
              "alignItems": "center",
              "flex": 0.5,
              "flexDirection": "row",
              "justifyContent": "center",
            }
          }
        >
          <View
            style={
              Array [
                Object {
                  "marginLeft": 15,
                  "marginRight": 15,
                },
                undefined,
                undefined,
                undefined,
              ]
            }
          >
            <View
              accessible={true}
              isTVSelectable={true}
              onResponderGrant={[Function]}
              onResponderMove={[Function]}
              onResponderRelease={[Function]}
              onResponderTerminate={[Function]}
              onResponderTerminationRequest={[Function]}
              onStartShouldSetResponder={[Function]}
              style={null}
            >
              <View
                pointerEvents="box-only"
                style={
                  Array [
                    Object {
                      "alignItems": "center",
                      "backgroundColor": "#9E9E9E",
                      "flexDirection": "row",
                      "justifyContent": "center",
                      "padding": 19,
                    },
                    undefined,
                    undefined,
                    undefined,
                    undefined,
                    undefined,
                    undefined,
                    undefined,
                    Object {
                      "padding": 12,
                    },
                    undefined,
                    undefined,
                    undefined,
                    Object {
                      "alignItems": "center",
                      "backgroundColor": "#ea4335",
                      "borderColor": "white",
                      "borderRadius": 30,
                      "borderWidth": 2,
                      "paddingLeft": 20,
                      "width": 60,
                    },
                    undefined,
                    undefined,
                  ]
                }
              >
                <Text />
                <Text
                  style={
                    Array [
                      Object {},
                      undefined,
                      undefined,
                      undefined,
                      undefined,
                      undefined,
                      undefined,
                      undefined,
                      undefined,
                      undefined,
                      Array [
                        Object {
                          "color": "white",
                          "fontSize": 20,
                        },
                        undefined,
                        Object {
                          "fontSize": 17.5,
                        },
                        undefined,
                        undefined,
                        undefined,
                        undefined,
                        undefined,
                      ],
                    ]
                  }
                >
                  
                </Text>
              </View>
            </View>
          </View>
        </View>
        <View
          style={
            Object {
              "alignItems": "center",
              "flex": 0.5,
              "flexDirection": "row",
              "justifyContent": "center",
            }
          }
        >
          <View
            style={
              Array [
                Object {
                  "marginLeft": 15,
                  "marginRight": 15,
                },
                undefined,
                undefined,
                undefined,
              ]
            }
          >
            <View
              accessible={true}
              isTVSelectable={true}
              onResponderGrant={[Function]}
              onResponderMove={[Function]}
              onResponderRelease={[Function]}
              onResponderTerminate={[Function]}
              onResponderTerminationRequest={[Function]}
              onStartShouldSetResponder={[Function]}
              style={null}
            >
              <View
                pointerEvents="box-only"
                style={
                  Array [
                    Object {
                      "alignItems": "center",
                      "backgroundColor": "#9E9E9E",
                      "flexDirection": "row",
                      "justifyContent": "center",
                      "padding": 19,
                    },
                    undefined,
                    undefined,
                    undefined,
                    undefined,
                    undefined,
                    undefined,
                    undefined,
                    Object {
                      "padding": 12,
                    },
                    undefined,
                    undefined,
                    undefined,
                    Object {
                      "alignItems": "center",
                      "backgroundColor": "#4caf50",
                      "borderColor": "white",
                      "borderRadius": 30,
                      "borderWidth": 2,
                      "paddingLeft": 20,
                      "width": 60,
                    },
                    undefined,
                    undefined,
                  ]
                }
              >
                <Text />
                <Text
                  style={
                    Array [
                      Object {},
                      undefined,
                      undefined,
                      undefined,
                      undefined,
                      undefined,
                      undefined,
                      undefined,
                      undefined,
                      undefined,
                      Array [
                        Object {
                          "color": "white",
                          "fontSize": 20,
                        },
                        undefined,
                        Object {
                          "fontSize": 17.5,
                        },
                        undefined,
                        undefined,
                        undefined,
                        undefined,
                        undefined,
                      ],
                    ]
                  }
                >
                  
                </Text>
              </View>
            </View>
          </View>
        </View>
      </View>
    </View>
    <View
      style={
        Object {
          "flex": 0.1,
        }
      }
    />
  </View>
  <Modal
    animationType="fade"
    hardwareAccelerated={false}
    onRequestClose={[Function]}
    supportedOrientations={
      Array [
        "portrait",
        "portrait-upside-down",
        "landscape",
        "landscape-left",
        "landscape-right",
      ]
    }
    transparent={true}
    visible={false}
  >
    <View
      accessible={true}
      isTVSelectable={true}
      onResponderGrant={[Function]}
      onResponderMove={[Function]}
      onResponderRelease={[Function]}
      onResponderTerminate={[Function]}
      onResponderTerminationRequest={[Function]}
      onStartShouldSetResponder={[Function]}
      style={
        Object {
          "alignItems": "center",
          "backgroundColor": "transparent",
          "flex": 1,
          "justifyContent": "center",
          "opacity": 1,
        }
      }
    >
      <View
        style={
          Object {
            "backgroundColor": "#FFF",
            "borderColor": "#ea4335",
            "borderRadius": 5,
            "borderWidth": 1,
            "marginHorizontal": 30,
            "maxWidth": 350,
            "shadowColor": "#000000",
            "shadowOpacity": 0.1,
            "shadowRadius": 10,
            "transform": Array [
              Object {
                "scale": 0,
              },
            ],
          }
        }
      >
        <View
          accessible={true}
          isTVSelectable={true}
          onResponderGrant={[Function]}
          onResponderMove={[Function]}
          onResponderRelease={[Function]}
          onResponderTerminate={[Function]}
          onResponderTerminationRequest={[Function]}
          onStartShouldSetResponder={[Function]}
          style={
            Object {
              "opacity": 1,
            }
          }
        >
          <View
            style={
              Object {
                "justifyContent": "center",
                "padding": 20,
              }
            }
          >
            <Text
              style={
                Array [
                  Object {
                    "color": "#333",
                    "fontSize": 18,
                    "fontWeight": "500",
                    "lineHeight": 25,
                    "textAlign": "center",
                  },
                  undefined,
                ]
              }
            >
              OUPS !
            </Text>
            <Text
              style={
                Array [
                  Object {
                    "color": "#666",
                    "fontSize": 17,
                    "paddingTop": 10,
                    "textAlign": "center",
                  },
                  undefined,
                ]
              }
            >
              L'email est introuvable
            </Text>
          </View>
          <View
            style={
              Object {
                "borderRadius": 5,
                "flexDirection": "row",
                "flexWrap": "wrap",
                "justifyContent": "center",
              }
            }
          >
            <View
              accessible={true}
              isTVSelectable={true}
              onResponderGrant={[Function]}
              onResponderMove={[Function]}
              onResponderRelease={[Function]}
              onResponderTerminate={[Function]}
              onResponderTerminationRequest={[Function]}
              onStartShouldSetResponder={[Function]}
              style={
                Object {
                  "alignItems": "center",
                  "backgroundColor": "#ea4335",
                  "borderRadius": 5,
                  "marginBottom": 20,
                  "marginHorizontal": 10,
                  "minWidth": 90,
                  "opacity": 1,
                  "paddingVertical": 8,
                }
              }
              testID="buttonConfirm"
            >
              <Text
                style={
                  Array [
                    Object {
                      "color": "#FFF",
                      "fontSize": 15,
                      "fontWeight": "600",
                      "textAlign": "center",
                    },
                    undefined,
                  ]
                }
              >
                REESAYER
              </Text>
            </View>
          </View>
        </View>
      </View>
    </View>
  </Modal>
</View>
`;
