// Jest Snapshot v1, https://goo.gl/fbAQLP

exports[`render gameList correctly 1`] = `<gameList />`;
