// Jest Snapshot v1, https://goo.gl/fbAQLP

exports[`render studentResultList correctly 1`] = `<studentResultList />`;
