// Jest Snapshot v1, https://goo.gl/fbAQLP

exports[`render userManual correctly 1`] = `<userManual />`;
